V3 5
FL /host/Garage/Garage/home-computer-group/vhdl/testSch/sch1.vhf 2012/02/10.17:54:18 O.76xd
EN work/sch1 1328896468 \
      FL /host/Garage/Garage/home-computer-group/vhdl/testSch/sch1.vhf \
      PB ieee/std_logic_1164 1317710503 PB ieee/NUMERIC_STD 1317710508 LB UNISIM \
      PH unisim/VCOMPONENTS 1317710510
AR work/sch1/BEHAVIORAL 1328896469 \
      FL /host/Garage/Garage/home-computer-group/vhdl/testSch/sch1.vhf \
      EN work/sch1 1328896468 CP AND3B1
