V3 5
FL /home/apalma/Garage/vhdl/testISIM/testISIM.vhf 2011/11/29.06:04:40 O.76xd
EN work/testISIM 1322546690 FL /home/apalma/Garage/vhdl/testISIM/testISIM.vhf \
      PB ieee/std_logic_1164 1317710503 PB ieee/NUMERIC_STD 1317710508 LB UNISIM \
      PH unisim/VCOMPONENTS 1317710510
AR work/testISIM/BEHAVIORAL 1322546691 \
      FL /home/apalma/Garage/vhdl/testISIM/testISIM.vhf EN work/testISIM 1322546690 \
      CP AND3
