V3 9
FL /home/apalma/Garage/vhdl/a_gal/a_gal.vhd 2011/12/05.16:35:38 O.76xd
EN work/a_gal 1323279091 FL /home/apalma/Garage/vhdl/a_gal/a_gal.vhd \
      PB ieee/std_logic_1164 1317710503
AR work/a_gal/Behavioral 1323279092 \
      FL /home/apalma/Garage/vhdl/a_gal/a_gal.vhd EN work/a_gal 1323279091
FL /home/apalma/Garage/vhdl/a_gal/m1_gal.vhd 2011/12/06.17:18:57 O.76xd
EN work/m1_gal 1323237389 FL /home/apalma/Garage/vhdl/a_gal/m1_gal.vhd \
      PB ieee/std_logic_1164 1317710503
AR work/m1_gal/Behavioral 1323237390 \
      FL /home/apalma/Garage/vhdl/a_gal/m1_gal.vhd EN work/m1_gal 1323237389
FL /home/apalma/Garage/vhdl/a_gal/r_gal2.vhd 2011/12/07.07:10:56 O.76xd
EN work/r_gal2 1323278363 FL /home/apalma/Garage/vhdl/a_gal/r_gal2.vhd \
      PB ieee/std_logic_1164 1317710503
AR work/r_gal2/Behavioral 1323278364 \
      FL /home/apalma/Garage/vhdl/a_gal/r_gal2.vhd EN work/r_gal2 1323278363
